// Jest Snapshot v1, https://goo.gl/fbAQLP

exports[`Calculator component Renders correctly calculator component 1`] = `
<div
  className="row g-0 justify-content-center justify-content-lg-between"
>
  <div
    className="col-12 col-md-5 d-flex justify-content-center align-items-center"
  >
    <p
      className="sc-hKFxyN LYQFs display-1 text-center text-white  "
    >
      Let's do some math
    </p>
  </div>
  <div
    className="sc-dlnjwi kBvmwR col-12 col-md-7 "
  >
    <div
      className="sc-bdnxRM dynBDI"
    >
      0
    </div>
    <div
      style={
        Object {
          "height": "100px",
        }
      }
    >
      <button
        className="sc-gtsrHT hoqpQx"
        color="#f72020"
        name="AC"
        onClick={[Function]}
        type="button"
      >
        AC
      </button>
      <button
        className="sc-gtsrHT HZmV"
        color="orange"
        name="+/-"
        onClick={[Function]}
        type="button"
      >
        +/-
      </button>
      <button
        className="sc-gtsrHT HZmV"
        color="orange"
        name="%"
        onClick={[Function]}
        type="button"
      >
        %
      </button>
      <button
        className="sc-gtsrHT HZmV"
        color="orange"
        name="รท"
        onClick={[Function]}
        type="button"
      >
        รท
      </button>
    </div>
    <div
      style={
        Object {
          "height": "100px",
        }
      }
    >
      <button
        className="sc-gtsrHT jDqPMk"
        color="#d7d7d7"
        name="7"
        onClick={[Function]}
        type="button"
      >
        7
      </button>
      <button
        className="sc-gtsrHT jDqPMk"
        color="#d7d7d7"
        name="8"
        onClick={[Function]}
        type="button"
      >
        8
      </button>
      <button
        className="sc-gtsrHT jDqPMk"
        color="#d7d7d7"
        name="9"
        onClick={[Function]}
        type="button"
      >
        9
      </button>
      <button
        className="sc-gtsrHT HZmV"
        color="orange"
        name="X"
        onClick={[Function]}
        type="button"
      >
        X
      </button>
    </div>
    <div
      style={
        Object {
          "height": "100px",
        }
      }
    >
      <button
        className="sc-gtsrHT jDqPMk"
        color="#d7d7d7"
        name="4"
        onClick={[Function]}
        type="button"
      >
        4
      </button>
      <button
        className="sc-gtsrHT jDqPMk"
        color="#d7d7d7"
        name="5"
        onClick={[Function]}
        type="button"
      >
        5
      </button>
      <button
        className="sc-gtsrHT jDqPMk"
        color="#d7d7d7"
        name="6"
        onClick={[Function]}
        type="button"
      >
        6
      </button>
      <button
        className="sc-gtsrHT HZmV"
        color="orange"
        name="-"
        onClick={[Function]}
        type="button"
      >
        -
      </button>
    </div>
    <div
      style={
        Object {
          "height": "100px",
        }
      }
    >
      <button
        className="sc-gtsrHT jDqPMk"
        color="#d7d7d7"
        name="1"
        onClick={[Function]}
        type="button"
      >
        1
      </button>
      <button
        className="sc-gtsrHT jDqPMk"
        color="#d7d7d7"
        name="2"
        onClick={[Function]}
        type="button"
      >
        2
      </button>
      <button
        className="sc-gtsrHT jDqPMk"
        color="#d7d7d7"
        name="3"
        onClick={[Function]}
        type="button"
      >
        3
      </button>
      <button
        className="sc-gtsrHT HZmV"
        color="orange"
        name="+"
        onClick={[Function]}
        type="button"
      >
        +
      </button>
    </div>
    <div
      style={
        Object {
          "height": "100px",
        }
      }
    >
      <button
        className="sc-gtsrHT bbIKaW"
        color="#d7d7d7"
        name="0"
        onClick={[Function]}
        type="button"
      >
        0
      </button>
      <button
        className="sc-gtsrHT HZmV"
        color="orange"
        name="."
        onClick={[Function]}
        type="button"
      >
        .
      </button>
      <button
        className="sc-gtsrHT HZmV"
        color="orange"
        name="="
        onClick={[Function]}
        type="button"
      >
        =
      </button>
    </div>
  </div>
</div>
`;
